c:\users\s251412\documents\git\taro-s-excellent-colour-game\taro's excellent colour game\x64\debug\vc143.pdb
c:\users\s251412\documents\git\taro-s-excellent-colour-game\taro's excellent colour game\x64\debug\vc143.idb
c:\users\s251412\documents\git\taro-s-excellent-colour-game\taro's excellent colour game\x64\debug\main.obj
c:\users\s251412\documents\git\taro-s-excellent-colour-game\taro's excellent colour game\x64\debug\application.obj
c:\users\bruno\onedrive\documents\practicegamesc++\taro-s-excellent-colour-game\taro's excellent colour game\x64\debug\vc143.pdb
c:\users\bruno\onedrive\documents\practicegamesc++\taro-s-excellent-colour-game\taro's excellent colour game\x64\debug\vc143.idb
c:\users\bruno\onedrive\documents\practicegamesc++\taro-s-excellent-colour-game\taro's excellent colour game\x64\debug\main.obj
c:\users\bruno\onedrive\documents\practicegamesc++\taro-s-excellent-colour-game\taro's excellent colour game\x64\debug\application.obj
c:\users\s251412\documents\git\taro-s-excellent-colour-game\debug\taro's excellent colour game.exe
c:\users\s251412\documents\git\taro-s-excellent-colour-game\debug\taro's excellent colour game.pdb
c:\users\s251412\documents\git\taro-s-excellent-colour-game\taro's excellent colour game\x64\debug\taro's excellent colour game.ilk
c:\users\bruno\onedrive\documents\practicegamesc++\taro-s-excellent-colour-game\taro's excellent colour game\x64\debug\basetaro.obj
c:\users\bruno\onedrive\documents\practicegamesc++\taro-s-excellent-colour-game\debug\taro's excellent colour game.pdb
c:\users\bruno\onedrive\documents\practicegamesc++\taro-s-excellent-colour-game\taro's excellent colour game\x64\debug\taro's e.bd21148a.tlog\cl.command.1.tlog
c:\users\bruno\onedrive\documents\practicegamesc++\taro-s-excellent-colour-game\taro's excellent colour game\x64\debug\taro's e.bd21148a.tlog\cl.items.tlog
c:\users\bruno\onedrive\documents\practicegamesc++\taro-s-excellent-colour-game\taro's excellent colour game\x64\debug\taro's e.bd21148a.tlog\cl.read.1.tlog
c:\users\bruno\onedrive\documents\practicegamesc++\taro-s-excellent-colour-game\taro's excellent colour game\x64\debug\taro's e.bd21148a.tlog\cl.write.1.tlog
c:\users\bruno\onedrive\documents\practicegamesc++\taro-s-excellent-colour-game\taro's excellent colour game\x64\debug\taro's e.bd21148a.tlog\link.command.1.tlog
c:\users\bruno\onedrive\documents\practicegamesc++\taro-s-excellent-colour-game\taro's excellent colour game\x64\debug\taro's e.bd21148a.tlog\link.read.1.tlog
c:\users\bruno\onedrive\documents\practicegamesc++\taro-s-excellent-colour-game\taro's excellent colour game\x64\debug\taro's e.bd21148a.tlog\link.secondary.1.tlog
c:\users\bruno\onedrive\documents\practicegamesc++\taro-s-excellent-colour-game\taro's excellent colour game\x64\debug\taro's e.bd21148a.tlog\link.write.1.tlog
